nohup: ignoring input
2025-05-30 01:20:44,406 - INFO - Starting MCTS evaluation on CartPole-v1 with 96 worker(s).
2025-05-30 01:20:44,406 - INFO - Initializing MCTS agent for CartPole-v1...
/root/anaconda3/envs/py310/lib/python3.10/site-packages/gymnasium/wrappers/rendering.py:283: UserWarning: [33mWARN: Overwriting existing videos at /root/.jupyter/pengyu/Parallel_MCTS/CartPole-v1-agent folder (try specifying a different `video_folder` for the `RecordVideo` wrapper if this is not desired)[0m
  logger.warn(
2025-05-30 01:20:44,754 - INFO - Starting evaluation for 5 episodes on CartPole-v1...
error: XDG_RUNTIME_DIR not set in the environment.
2025-05-30 02025-05-30 01:44:50,527 - INFO - Episode 1 finished after 200 steps. Reward: -200.0
2025-05-30 02:16:29,065 - INFO - Episode 2 finished after 200 steps. Reward: -200.0
2025-05-30 02:48:03,046 - INFO - Episode 3 finished after 200 steps. Reward: -200.0
4:29,462 - INFO - Episode 4 finished after 500 steps. Reward: 500.0
2025-05-30 01:26:01,673 - INFO - Episode 5 finished after 500 steps. Reward: 500.0
2025-05-30 01:26:02,264 - INFO - 
Evaluation Complete for CartPole-v1.
2025-05-30 01:26:02,264 - INFO - Number of Episodes: 5
2025-05-30 01:26:02,264 - INFO - Simulations per Move (MCTS budget): 100
2025-05-30 01:26:02,264 - INFO - Rollout Depth (within simulation): 100
2025-05-30 01:26:02,264 - INFO - Number of Parallel Workers: 96
2025-05-30 01:26:02,264 - INFO - Average Reward: 389.80
2025-05-30 01:26:02,264 - INFO - Standard Deviation of Rewards: 135.10
2025-05-30 01:26:02,265 - INFO - Individual Rewards: [215.0, 234.0, 500.0, 500.0, 500.0]
2025-05-30 01:26:02,265 - INFO - Average Search Time per Move: 0.1598 seconds
2025-05-30 01:26:02,265 - INFO - Search Time Standard Deviation: 0.0940 seconds
